<html>
<body>
<pre>
<h1>µVision Build Log</h1>
<h2>Tool Versions:</h2>
IDE-Version: µVision V5.30.0.0
Copyright (C) 2020 ARM Ltd and ARM Germany GmbH. All rights reserved.
License Information: Jerrick Rowe, GUET, LIC=TIVNB-2JVJM-KPVZY-IPDTS-DKADL-L9BCF
 
Tool Versions:
Toolchain:       MDK-ARM Plus  Version: 5.30.0.0
Toolchain Path:  C:\Keil_v5\ARM\ARMCLANG\Bin
C Compiler:      ArmClang.exe V6.14
Assembler:       Armasm.exe V6.14
Linker/Locator:  ArmLink.exe V6.14
Library Manager: ArmAr.exe V6.14
Hex Converter:   FromElf.exe V6.14
CPU DLL:         SARMCM3.DLL V5.30.0.0
Dialog DLL:      DCM.DLL V1.17.3.0
Target DLL:      STLink\ST-LINKIII-KEIL_SWO.dll V3.0.7.0
Dialog DLL:      TCM.DLL V1.42.0.0
 
<h2>Project:</h2>
C:\Users\Jerri\Documents\WorkFolder\FlyFire\stm32-bootloader\projects\STM32F407-OWL\stm32-bootloader.uvprojx
Project File Date:  08/16/2020

<h2>Output:</h2>
*** Using Compiler 'V6.14', folder: 'C:\Keil_v5\ARM\ARMCLANG\Bin'
Build target 'Release'
compiling main.c...
compiling bootloader.c...
linking...
.\Objects\stm32-bootloader.axf: Warning: L6439W: Multiply defined Global Symbol BSP_SD_ReadCpltCallback defined in .text.BSP_SD_ReadCpltCallback(sd_diskio.o) rejected in favor of Symbol defined in .text.BSP_SD_ReadCpltCallback(bsp_driver_sd_stm32f4xx.o).
.\Objects\stm32-bootloader.axf: Warning: L6439W: Multiply defined Global Symbol BSP_SD_WriteCpltCallback defined in .text.BSP_SD_WriteCpltCallback(sd_diskio.o) rejected in favor of Symbol defined in .text.BSP_SD_WriteCpltCallback(bsp_driver_sd_stm32f4xx.o).
Program Size: Code=35676 RO-data=2436 RW-data=60 ZI-data=3124  
Finished: 0 information, 2 warning and 0 error messages.
".\Objects\stm32-bootloader.axf" - 0 Error(s), 2 Warning(s).

<h2>Software Packages used:</h2>

Package Vendor: Keil
                http://www.keil.com/pack/Keil.STM32F4xx_DFP.2.14.0.pack
                Keil.STM32F4xx_DFP.2.14.0
                STMicroelectronics STM32F4 Series Device Support, Drivers and Examples

<h2>Collection of Component include folders:</h2>
  .\RTE\_Release
  C:\Keil_v5\ARM\PACK\Keil\STM32F4xx_DFP\2.14.0\Drivers\CMSIS\Device\ST\STM32F4xx\Include

<h2>Collection of Component Files used:</h2>
Build Time Elapsed:  00:00:07
</pre>
</body>
</html>
